........................................................................ [ 28%]
